error[E0463]: can't find crate for `if_chain`
  --> $DIR/slice_indexing_in_macro.rs:3:1
   |
LL | extern crate if_chain;
   | ^^^^^^^^^^^^^^^^^^^^^^ can't find crate

error: cannot determine resolution for the macro `if_chain`
  --> $DIR/slice_indexing_in_macro.rs:21:5
   |
LL |     if_chain! {
   |     ^^^^^^^^
   |
   = note: import resolution is stuck, try simplifying macro imports

error: aborting due to 2 previous errors

For more information about this error, try `rustc --explain E0463`.
