error[E0432]: unresolved import `parking_lot`
  --> $DIR/await_holding_lock.rs:84:9
   |
LL |     use parking_lot::{Mutex, RwLock};
   |         ^^^^^^^^^^^ use of undeclared crate or module `parking_lot`

error[E0433]: failed to resolve: use of undeclared crate or module `parking_lot`
  --> $DIR/await_holding_lock.rs:187:13
   |
LL |     let m = parking_lot::Mutex::new(100);
   |             ^^^^^^^^^^^ use of undeclared crate or module `parking_lot`
   |
help: consider importing this struct
   |
LL + use std::sync::Mutex;
   |
help: if you import `Mutex`, refer to it directly
   |
LL -     let m = parking_lot::Mutex::new(100);
LL +     let m = Mutex::new(100);
   |

error: aborting due to 2 previous errors

Some errors have detailed explanations: E0432, E0433.
For more information about an error, try `rustc --explain E0432`.
