error: docs for function returning `Result` missing `# Errors` section
  --> $DIR/doc_errors.rs:7:1
   |
LL | pub fn pub_fn_missing_errors_header() -> Result<(), ()> {
   | ^^^^^^^^^^^^^^^^^^^^^^^^^^^^^^^^^^^^^^^^^^^^^^^^^^^^^^^
   |
   = note: `-D clippy::missing-errors-doc` implied by `-D warnings`

error: docs for function returning `Result` missing `# Errors` section
  --> $DIR/doc_errors.rs:11:1
   |
LL | pub async fn async_pub_fn_missing_errors_header() -> Result<(), ()> {
   | ^^^^^^^^^^^^^^^^^^^^^^^^^^^^^^^^^^^^^^^^^^^^^^^^^^^^^^^^^^^^^^^^^^^

error: docs for function returning `Result` missing `# Errors` section
  --> $DIR/doc_errors.rs:16:1
   |
LL | pub fn pub_fn_returning_io_result() -> io::Result<()> {
   | ^^^^^^^^^^^^^^^^^^^^^^^^^^^^^^^^^^^^^^^^^^^^^^^^^^^^^

error: docs for function returning `Result` missing `# Errors` section
  --> $DIR/doc_errors.rs:21:1
   |
LL | pub async fn async_pub_fn_returning_io_result() -> io::Result<()> {
   | ^^^^^^^^^^^^^^^^^^^^^^^^^^^^^^^^^^^^^^^^^^^^^^^^^^^^^^^^^^^^^^^^^

error: docs for function returning `Result` missing `# Errors` section
  --> $DIR/doc_errors.rs:51:5
   |
LL |     pub fn pub_method_missing_errors_header() -> Result<(), ()> {
   |     ^^^^^^^^^^^^^^^^^^^^^^^^^^^^^^^^^^^^^^^^^^^^^^^^^^^^^^^^^^^

error: docs for function returning `Result` missing `# Errors` section
  --> $DIR/doc_errors.rs:56:5
   |
LL |     pub async fn async_pub_method_missing_errors_header() -> Result<(), ()> {
   |     ^^^^^^^^^^^^^^^^^^^^^^^^^^^^^^^^^^^^^^^^^^^^^^^^^^^^^^^^^^^^^^^^^^^^^^^

error: docs for function returning `Result` missing `# Errors` section
  --> $DIR/doc_errors.rs:81:5
   |
LL |     pub fn pub_method_missing_block_errors_header() -> Result<(), ()> {
   |     ^^^^^^^^^^^^^^^^^^^^^^^^^^^^^^^^^^^^^^^^^^^^^^^^^^^^^^^^^^^^^^^^^

error: docs for function returning `Result` missing `# Errors` section
  --> $DIR/doc_errors.rs:104:5
   |
LL |     pub fn pub_method_missing_block_errors_header_doc_markdown() -> Result<(), ()> {
   |     ^^^^^^^^^^^^^^^^^^^^^^^^^^^^^^^^^^^^^^^^^^^^^^^^^^^^^^^^^^^^^^^^^^^^^^^^^^^^^^

error: docs for function returning `Result` missing `# Errors` section
  --> $DIR/doc_errors.rs:127:5
   |
LL |     fn trait_method_missing_errors_header() -> Result<(), ()>;
   |     ^^^^^^^^^^^^^^^^^^^^^^^^^^^^^^^^^^^^^^^^^^^^^^^^^^^^^^^^^^

error: aborting due to 9 previous errors

