error[E0433]: failed to resolve: use of undeclared crate or module `serde`
  --> $DIR/extra_unused_lifetimes.rs:98:9
   |
LL |     use serde::de::Visitor;
   |         ^^^^^ use of undeclared crate or module `serde`

error: aborting due to previous error

For more information about this error, try `rustc --explain E0433`.
