error: This lifetime can be changed to `'static`
  --> $DIR/hidden_static_lifetime.rs:11:6
   |
LL | fn a<'a>() -> &'a str {
   |      ^^ help: try: `changing this lifetime to 'static`
   |
   = note: `-D clippy::hidden-static-lifetime` implied by `-D warnings`

error: This lifetime can be changed to `'static`
  --> $DIR/hidden_static_lifetime.rs:14:6
   |
LL | fn h<'h>() -> S<'h> {
   |      ^^ help: try: `changing this lifetime to 'static`

error: aborting due to 2 previous errors

