error[E0658]: use of unstable library feature 'rustc_private': this crate is being loaded from the sysroot, an unstable location; did you mean to load this crate from crates.io via `Cargo.toml` instead?
  --> $DIR/manual_split_once.rs:6:1
   |
LL | extern crate itertools;
   | ^^^^^^^^^^^^^^^^^^^^^^^
   |
   = note: see issue #27812 <https://github.com/rust-lang/rust/issues/27812> for more information
   = help: add `#![feature(rustc_private)]` to the crate attributes to enable

error[E0658]: use of unstable library feature 'rustc_private': this crate is being loaded from the sysroot, an unstable location; did you mean to load this crate from crates.io via `Cargo.toml` instead?
  --> $DIR/manual_split_once.rs:9:5
   |
LL | use itertools::Itertools;
   |     ^^^^^^^^^^^^^^^^^^^^
   |
   = note: see issue #27812 <https://github.com/rust-lang/rust/issues/27812> for more information
   = help: add `#![feature(rustc_private)]` to the crate attributes to enable

error[E0658]: use of unstable library feature 'rustc_private': this crate is being loaded from the sysroot, an unstable location; did you mean to load this crate from crates.io via `Cargo.toml` instead?
  --> $DIR/manual_split_once.rs:15:45
   |
LL |     let (_, _) = "key=value".splitn(2, '=').next_tuple().unwrap();
   |                                             ^^^^^^^^^^
   |
   = note: see issue #27812 <https://github.com/rust-lang/rust/issues/27812> for more information
   = help: add `#![feature(rustc_private)]` to the crate attributes to enable

error[E0658]: use of unstable library feature 'rustc_private': this crate is being loaded from the sysroot, an unstable location; did you mean to load this crate from crates.io via `Cargo.toml` instead?
  --> $DIR/manual_split_once.rs:39:46
   |
LL |     let (_, _) = "key=value".rsplitn(2, '=').next_tuple().unwrap();
   |                                              ^^^^^^^^^^
   |
   = note: see issue #27812 <https://github.com/rust-lang/rust/issues/27812> for more information
   = help: add `#![feature(rustc_private)]` to the crate attributes to enable

error: aborting due to 4 previous errors

For more information about this error, try `rustc --explain E0658`.
