error[E0658]: use of unstable library feature 'rustc_private': this crate is being loaded from the sysroot, an unstable location; did you mean to load this crate from crates.io via `Cargo.toml` instead?
  --> $DIR/needless_splitn.rs:7:1
   |
LL | extern crate itertools;
   | ^^^^^^^^^^^^^^^^^^^^^^^
   |
   = note: see issue #27812 <https://github.com/rust-lang/rust/issues/27812> for more information
   = help: add `#![feature(rustc_private)]` to the crate attributes to enable

error[E0658]: use of unstable library feature 'rustc_private': this crate is being loaded from the sysroot, an unstable location; did you mean to load this crate from crates.io via `Cargo.toml` instead?
  --> $DIR/needless_splitn.rs:10:5
   |
LL | use itertools::Itertools;
   |     ^^^^^^^^^^^^^^^^^^^^
   |
   = note: see issue #27812 <https://github.com/rust-lang/rust/issues/27812> for more information
   = help: add `#![feature(rustc_private)]` to the crate attributes to enable

error[E0658]: use of unstable library feature 'rustc_private': this crate is being loaded from the sysroot, an unstable location; did you mean to load this crate from crates.io via `Cargo.toml` instead?
  --> $DIR/needless_splitn.rs:17:37
   |
LL |     let (_, _) = str.splitn(2, '=').next_tuple().unwrap();
   |                                     ^^^^^^^^^^
   |
   = note: see issue #27812 <https://github.com/rust-lang/rust/issues/27812> for more information
   = help: add `#![feature(rustc_private)]` to the crate attributes to enable

error[E0658]: use of unstable library feature 'rustc_private': this crate is being loaded from the sysroot, an unstable location; did you mean to load this crate from crates.io via `Cargo.toml` instead?
  --> $DIR/needless_splitn.rs:18:37
   |
LL |     let (_, _) = str.splitn(3, '=').next_tuple().unwrap();
   |                                     ^^^^^^^^^^
   |
   = note: see issue #27812 <https://github.com/rust-lang/rust/issues/27812> for more information
   = help: add `#![feature(rustc_private)]` to the crate attributes to enable

error[E0658]: use of unstable library feature 'rustc_private': this crate is being loaded from the sysroot, an unstable location; did you mean to load this crate from crates.io via `Cargo.toml` instead?
  --> $DIR/needless_splitn.rs:24:38
   |
LL |     let (_, _) = str.rsplitn(2, '=').next_tuple().unwrap();
   |                                      ^^^^^^^^^^
   |
   = note: see issue #27812 <https://github.com/rust-lang/rust/issues/27812> for more information
   = help: add `#![feature(rustc_private)]` to the crate attributes to enable

error[E0658]: use of unstable library feature 'rustc_private': this crate is being loaded from the sysroot, an unstable location; did you mean to load this crate from crates.io via `Cargo.toml` instead?
  --> $DIR/needless_splitn.rs:25:38
   |
LL |     let (_, _) = str.rsplitn(3, '=').next_tuple().unwrap();
   |                                      ^^^^^^^^^^
   |
   = note: see issue #27812 <https://github.com/rust-lang/rust/issues/27812> for more information
   = help: add `#![feature(rustc_private)]` to the crate attributes to enable

error: aborting due to 6 previous errors

For more information about this error, try `rustc --explain E0658`.
