error[E0463]: can't find crate for `futures`
  --> $DIR/read_zero_byte_vec.rs:7:1
   |
LL | extern crate futures;
   | ^^^^^^^^^^^^^^^^^^^^^ can't find crate

error[E0433]: failed to resolve: use of undeclared crate or module `tokio`
  --> $DIR/read_zero_byte_vec.rs:9:5
   |
LL | use tokio::io::{AsyncRead as TokioAsyncRead, AsyncReadExt as _, AsyncWrite as TokioAsyncWrite, AsyncWriteExt as _};
   |     ^^^^^ use of undeclared crate or module `tokio`

error: aborting due to 2 previous errors

Some errors have detailed explanations: E0433, E0463.
For more information about an error, try `rustc --explain E0433`.
