error[E0658]: use of unstable library feature 'rustc_private': this crate is being loaded from the sysroot, an unstable location; did you mean to load this crate from crates.io via `Cargo.toml` instead?
  --> $DIR/type_repetition_in_bounds.rs:57:1
   |
LL | extern crate serde;
   | ^^^^^^^^^^^^^^^^^^^
   |
   = note: see issue #27812 <https://github.com/rust-lang/rust/issues/27812> for more information
   = help: add `#![feature(rustc_private)]` to the crate attributes to enable

error[E0658]: use of unstable library feature 'rustc_private': this crate is being loaded from the sysroot, an unstable location; did you mean to load this crate from crates.io via `Cargo.toml` instead?
  --> $DIR/type_repetition_in_bounds.rs:59:17
   |
LL |     use serde::{Deserialize, Serialize};
   |                 ^^^^^^^^^^^
   |
   = note: see issue #27812 <https://github.com/rust-lang/rust/issues/27812> for more information
   = help: add `#![feature(rustc_private)]` to the crate attributes to enable

error[E0658]: use of unstable library feature 'rustc_private': this crate is being loaded from the sysroot, an unstable location; did you mean to load this crate from crates.io via `Cargo.toml` instead?
  --> $DIR/type_repetition_in_bounds.rs:59:30
   |
LL |     use serde::{Deserialize, Serialize};
   |                              ^^^^^^^^^
   |
   = note: see issue #27812 <https://github.com/rust-lang/rust/issues/27812> for more information
   = help: add `#![feature(rustc_private)]` to the crate attributes to enable

error[E0658]: use of unstable library feature 'rustc_private': this crate is being loaded from the sysroot, an unstable location; did you mean to load this crate from crates.io via `Cargo.toml` instead?
  --> $DIR/type_repetition_in_bounds.rs:64:21
   |
LL |     #[derive(Debug, Serialize, Deserialize)]
   |                     ^^^^^^^^^
   |
   = note: see issue #27812 <https://github.com/rust-lang/rust/issues/27812> for more information
   = help: add `#![feature(rustc_private)]` to the crate attributes to enable
   = note: this error originates in the derive macro `Serialize` (in Nightly builds, run with -Z macro-backtrace for more info)

error[E0658]: use of unstable library feature 'rustc_private': this crate is being loaded from the sysroot, an unstable location; did you mean to load this crate from crates.io via `Cargo.toml` instead?
  --> $DIR/type_repetition_in_bounds.rs:64:32
   |
LL |     #[derive(Debug, Serialize, Deserialize)]
   |                                ^^^^^^^^^^^
   |
   = note: see issue #27812 <https://github.com/rust-lang/rust/issues/27812> for more information
   = help: add `#![feature(rustc_private)]` to the crate attributes to enable
   = note: this error originates in the derive macro `Deserialize` (in Nightly builds, run with -Z macro-backtrace for more info)

error[E0658]: use of unstable library feature 'rustc_private': this crate is being loaded from the sysroot, an unstable location; did you mean to load this crate from crates.io via `Cargo.toml` instead?
  --> $DIR/type_repetition_in_bounds.rs:64:21
   |
LL |     #[derive(Debug, Serialize, Deserialize)]
   |                     ^^^^^^^^^
   |
   = note: see issue #27812 <https://github.com/rust-lang/rust/issues/27812> for more information
   = help: add `#![feature(rustc_private)]` to the crate attributes to enable
   = note: this error originates in the macro `try` (in Nightly builds, run with -Z macro-backtrace for more info)

error[E0658]: use of unstable library feature 'rustc_private': this crate is being loaded from the sysroot, an unstable location; did you mean to load this crate from crates.io via `Cargo.toml` instead?
  --> $DIR/type_repetition_in_bounds.rs:69:9
   |
LL |         foo: S,
   |         ^^^^^^
   |
   = note: see issue #27812 <https://github.com/rust-lang/rust/issues/27812> for more information
   = help: add `#![feature(rustc_private)]` to the crate attributes to enable

error[E0658]: use of unstable library feature 'rustc_private': this crate is being loaded from the sysroot, an unstable location; did you mean to load this crate from crates.io via `Cargo.toml` instead?
  --> $DIR/type_repetition_in_bounds.rs:64:21
   |
LL |     #[derive(Debug, Serialize, Deserialize)]
   |                     ^^^^^^^^^
   |
   = note: see issue #27812 <https://github.com/rust-lang/rust/issues/27812> for more information
   = help: add `#![feature(rustc_private)]` to the crate attributes to enable
   = note: this error originates in the macro `try` (in Nightly builds, run with -Z macro-backtrace for more info)

error[E0658]: use of unstable library feature 'rustc_private': this crate is being loaded from the sysroot, an unstable location; did you mean to load this crate from crates.io via `Cargo.toml` instead?
  --> $DIR/type_repetition_in_bounds.rs:64:32
   |
LL |     #[derive(Debug, Serialize, Deserialize)]
   |                                ^^^^^^^^^^^
   |
   = note: see issue #27812 <https://github.com/rust-lang/rust/issues/27812> for more information
   = help: add `#![feature(rustc_private)]` to the crate attributes to enable
   = note: this error originates in the macro `try` (in Nightly builds, run with -Z macro-backtrace for more info)

error[E0658]: use of unstable library feature 'rustc_private': this crate is being loaded from the sysroot, an unstable location; did you mean to load this crate from crates.io via `Cargo.toml` instead?
  --> $DIR/type_repetition_in_bounds.rs:64:32
   |
LL |     #[derive(Debug, Serialize, Deserialize)]
   |                                ^^^^^^^^^^^
   |
   = note: see issue #27812 <https://github.com/rust-lang/rust/issues/27812> for more information
   = help: add `#![feature(rustc_private)]` to the crate attributes to enable
   = note: this error originates in the macro `try` (in Nightly builds, run with -Z macro-backtrace for more info)

error[E0658]: use of unstable library feature 'rustc_private': this crate is being loaded from the sysroot, an unstable location; did you mean to load this crate from crates.io via `Cargo.toml` instead?
  --> $DIR/type_repetition_in_bounds.rs:64:32
   |
LL |     #[derive(Debug, Serialize, Deserialize)]
   |                                ^^^^^^^^^^^
   |
   = note: see issue #27812 <https://github.com/rust-lang/rust/issues/27812> for more information
   = help: add `#![feature(rustc_private)]` to the crate attributes to enable
   = note: this error originates in the macro `try` (in Nightly builds, run with -Z macro-backtrace for more info)

error[E0658]: use of unstable library feature 'rustc_private': this crate is being loaded from the sysroot, an unstable location; did you mean to load this crate from crates.io via `Cargo.toml` instead?
  --> $DIR/type_repetition_in_bounds.rs:64:32
   |
LL |     #[derive(Debug, Serialize, Deserialize)]
   |                                ^^^^^^^^^^^
   |
   = note: see issue #27812 <https://github.com/rust-lang/rust/issues/27812> for more information
   = help: add `#![feature(rustc_private)]` to the crate attributes to enable
   = note: this error originates in the macro `try` (in Nightly builds, run with -Z macro-backtrace for more info)

error[E0658]: use of unstable library feature 'rustc_private': this crate is being loaded from the sysroot, an unstable location; did you mean to load this crate from crates.io via `Cargo.toml` instead?
  --> $DIR/type_repetition_in_bounds.rs:64:32
   |
LL |     #[derive(Debug, Serialize, Deserialize)]
   |                                ^^^^^^^^^^^
   |
   = note: see issue #27812 <https://github.com/rust-lang/rust/issues/27812> for more information
   = help: add `#![feature(rustc_private)]` to the crate attributes to enable
   = note: this error originates in the macro `try` (in Nightly builds, run with -Z macro-backtrace for more info)

error: aborting due to 13 previous errors

For more information about this error, try `rustc --explain E0658`.
