error[E0658]: use of unstable library feature 'rustc_private': this crate is being loaded from the sysroot, an unstable location; did you mean to load this crate from crates.io via `Cargo.toml` instead?
  --> $DIR/unsafe_derive_deserialize.rs:4:1
   |
LL | extern crate serde;
   | ^^^^^^^^^^^^^^^^^^^
   |
   = note: see issue #27812 <https://github.com/rust-lang/rust/issues/27812> for more information
   = help: add `#![feature(rustc_private)]` to the crate attributes to enable

error[E0658]: use of unstable library feature 'rustc_private': this crate is being loaded from the sysroot, an unstable location; did you mean to load this crate from crates.io via `Cargo.toml` instead?
  --> $DIR/unsafe_derive_deserialize.rs:6:5
   |
LL | use serde::Deserialize;
   |     ^^^^^^^^^^^^^^^^^^
   |
   = note: see issue #27812 <https://github.com/rust-lang/rust/issues/27812> for more information
   = help: add `#![feature(rustc_private)]` to the crate attributes to enable

error[E0658]: use of unstable library feature 'rustc_private': this crate is being loaded from the sysroot, an unstable location; did you mean to load this crate from crates.io via `Cargo.toml` instead?
  --> $DIR/unsafe_derive_deserialize.rs:8:10
   |
LL | #[derive(Deserialize)]
   |          ^^^^^^^^^^^
   |
   = note: see issue #27812 <https://github.com/rust-lang/rust/issues/27812> for more information
   = help: add `#![feature(rustc_private)]` to the crate attributes to enable
   = note: this error originates in the derive macro `Deserialize` (in Nightly builds, run with -Z macro-backtrace for more info)

error[E0658]: use of unstable library feature 'rustc_private': this crate is being loaded from the sysroot, an unstable location; did you mean to load this crate from crates.io via `Cargo.toml` instead?
  --> $DIR/unsafe_derive_deserialize.rs:16:10
   |
LL | #[derive(Deserialize)]
   |          ^^^^^^^^^^^
   |
   = note: see issue #27812 <https://github.com/rust-lang/rust/issues/27812> for more information
   = help: add `#![feature(rustc_private)]` to the crate attributes to enable
   = note: this error originates in the derive macro `Deserialize` (in Nightly builds, run with -Z macro-backtrace for more info)

error[E0658]: use of unstable library feature 'rustc_private': this crate is being loaded from the sysroot, an unstable location; did you mean to load this crate from crates.io via `Cargo.toml` instead?
  --> $DIR/unsafe_derive_deserialize.rs:22:10
   |
LL | #[derive(Deserialize)]
   |          ^^^^^^^^^^^
   |
   = note: see issue #27812 <https://github.com/rust-lang/rust/issues/27812> for more information
   = help: add `#![feature(rustc_private)]` to the crate attributes to enable
   = note: this error originates in the derive macro `Deserialize` (in Nightly builds, run with -Z macro-backtrace for more info)

error[E0658]: use of unstable library feature 'rustc_private': this crate is being loaded from the sysroot, an unstable location; did you mean to load this crate from crates.io via `Cargo.toml` instead?
  --> $DIR/unsafe_derive_deserialize.rs:30:10
   |
LL | #[derive(Deserialize)]
   |          ^^^^^^^^^^^
   |
   = note: see issue #27812 <https://github.com/rust-lang/rust/issues/27812> for more information
   = help: add `#![feature(rustc_private)]` to the crate attributes to enable
   = note: this error originates in the derive macro `Deserialize` (in Nightly builds, run with -Z macro-backtrace for more info)

error[E0658]: use of unstable library feature 'rustc_private': this crate is being loaded from the sysroot, an unstable location; did you mean to load this crate from crates.io via `Cargo.toml` instead?
  --> $DIR/unsafe_derive_deserialize.rs:57:10
   |
LL | #[derive(Deserialize)]
   |          ^^^^^^^^^^^
   |
   = note: see issue #27812 <https://github.com/rust-lang/rust/issues/27812> for more information
   = help: add `#![feature(rustc_private)]` to the crate attributes to enable
   = note: this error originates in the derive macro `Deserialize` (in Nightly builds, run with -Z macro-backtrace for more info)

error[E0658]: use of unstable library feature 'rustc_private': this crate is being loaded from the sysroot, an unstable location; did you mean to load this crate from crates.io via `Cargo.toml` instead?
  --> $DIR/unsafe_derive_deserialize.rs:62:10
   |
LL | #[derive(Deserialize)]
   |          ^^^^^^^^^^^
   |
   = note: see issue #27812 <https://github.com/rust-lang/rust/issues/27812> for more information
   = help: add `#![feature(rustc_private)]` to the crate attributes to enable
   = note: this error originates in the derive macro `Deserialize` (in Nightly builds, run with -Z macro-backtrace for more info)

error: aborting due to 8 previous errors

For more information about this error, try `rustc --explain E0658`.
