error[E0432]: unresolved import `serde`
  --> $DIR/use_self.rs:613:9
   |
LL |     use serde::Serialize;
   |         ^^^^^ use of undeclared crate or module `serde`

error[E0433]: failed to resolve: use of undeclared crate or module `serde`
  --> $DIR/use_self.rs:464:14
   |
LL |     #[derive(serde::Deserialize)]
   |              ^^^^^ use of undeclared crate or module `serde`

error: cannot determine resolution for the derive macro `Serialize`
  --> $DIR/use_self.rs:615:14
   |
LL |     #[derive(Serialize)]
   |              ^^^^^^^^^
   |
   = note: import resolution is stuck, try simplifying macro imports

error: aborting due to 3 previous errors

Some errors have detailed explanations: E0432, E0433.
For more information about an error, try `rustc --explain E0432`.
